I'm sorry, but errors were detected in your script. Please correct the
errors listed below, and try again.


File "game/script.rpy", line 42: expected 'name' not found.
    show kitchen onlayer  
                          ^

Ren'Py Version: Ren'Py 8.2.1.24030407
Tue Apr  2 01:46:57 2024
